C:\Madsen\SpaceInvadersCreativeHW\implementation\system.ngc 1448306146
C:/Madsen/SpaceInvadersCreativeHW/implementation/push_buttons_5bits_wrapper.ngc 1448306095
C:/Madsen/SpaceInvadersCreativeHW/implementation/rs232_uart_1_wrapper.ngc 1448306095
C:/Madsen/SpaceInvadersCreativeHW/implementation/proc_sys_reset_0_wrapper.ngc 1448306095
C:/Madsen/SpaceInvadersCreativeHW/implementation/clock_generator_0_wrapper.ngc 1448306123
C:/Madsen/SpaceInvadersCreativeHW/implementation/axi_hdmi_0_wrapper.ngc 1448306095
C:/Madsen/SpaceInvadersCreativeHW/implementation/axi_ac97_0_wrapper.ngc 1448306108
C:/Madsen/SpaceInvadersCreativeHW/implementation/nes_controller_0_wrapper.ngc 1448306120
C:/Madsen/SpaceInvadersCreativeHW/implementation/microblaze_0_ilmb_wrapper.ngc 1448306095
C:/Madsen/SpaceInvadersCreativeHW/implementation/microblaze_0_dlmb_wrapper.ngc 1448306095
C:/Madsen/SpaceInvadersCreativeHW/implementation/mcb_ddr2_wrapper.ngc 1448306095
C:/Madsen/SpaceInvadersCreativeHW/implementation/axi4lite_0_wrapper.ngc 1448306095
C:/Madsen/SpaceInvadersCreativeHW/implementation/axi4_0_wrapper.ngc 1448306095
C:/Madsen/SpaceInvadersCreativeHW/implementation/microblaze_0_wrapper.ngc 1448306095
C:/Madsen/SpaceInvadersCreativeHW/implementation/axi_vdma_0_wrapper.ngc 1448306095
C:/Madsen/SpaceInvadersCreativeHW/implementation/axi_intc_0_wrapper.ngc 1448306095
C:/Madsen/SpaceInvadersCreativeHW/implementation/microblaze_0_i_bram_ctrl_wrapper.ngc 1448306095
C:/Madsen/SpaceInvadersCreativeHW/implementation/microblaze_0_d_bram_ctrl_wrapper.ngc 1448306095
C:/Madsen/SpaceInvadersCreativeHW/implementation/debug_module_wrapper.ngc 1448306095
C:/Madsen/SpaceInvadersCreativeHW/implementation/digilent_quadspi_cntlr_wrapper.ngc 1448306095
C:/Madsen/SpaceInvadersCreativeHW/implementation/axi_timer_0_wrapper.ngc 1448306095
C:/Madsen/SpaceInvadersCreativeHW/implementation/fit_timer_0_wrapper.ngc 1448306095
C:/Madsen/SpaceInvadersCreativeHW/implementation/pit_timer_0_wrapper.ngc 1448306114
C:/Madsen/SpaceInvadersCreativeHW/implementation/microblaze_0_bram_block_wrapper.ngc 1448306095
OK
